-- The C compiler identification is AppleClang 21.0.0.21000101
-- The CXX compiler identification is AppleClang 21.0.0.21000101
-- The ASM compiler identification is AppleClang
-- Found assembler: /usr/bin/cc
-- Detecting C compiler ABI info
-- Detecting C compiler ABI info - done
-- Check for working C compiler: /usr/bin/cc - skipped
-- Detecting C compile features
-- Detecting C compile features - done
-- Detecting CXX compiler ABI info
-- Detecting CXX compiler ABI info - done
-- Check for working CXX compiler: /usr/bin/c++ - skipped
-- Detecting CXX compile features
-- Detecting CXX compile features - done
-- Performing Test CMAKE_HAVE_LIBC_PTHREAD
-- Performing Test CMAKE_HAVE_LIBC_PTHREAD - Success
-- Found Threads: TRUE
-- Warning: ccache not found - consider installing it for faster compilation or disable this warning with GGML_CCACHE=OFF
-- CMAKE_SYSTEM_PROCESSOR: arm64
-- GGML_SYSTEM_ARCH: ARM
-- Could NOT find OpenMP_C (missing: OpenMP_C_FLAGS OpenMP_C_LIB_NAMES) 
-- Could NOT find OpenMP_CXX (missing: OpenMP_CXX_FLAGS OpenMP_CXX_LIB_NAMES) 
-- Could NOT find OpenMP (missing: OpenMP_C_FOUND OpenMP_CXX_FOUND) 
CMake Warning at src/CMakeLists.txt:351 (message):
  OpenMP not found


-- Including CPU backend
-- Accelerate framework found
-- ARM detected
-- Performing Test GGML_COMPILER_SUPPORTS_FP16_FORMAT_I3E
-- Performing Test GGML_COMPILER_SUPPORTS_FP16_FORMAT_I3E - Failed
CMake Warning at src/ggml-cpu/CMakeLists.txt:158 (message):
  ARM -march/-mcpu not found, -mcpu=native will be used
Call Stack (most recent call first):
  src/CMakeLists.txt:634 (ggml_add_cpu_backend_variant_impl)


-- Performing Test GGML_MACHINE_SUPPORTS_dotprod
-- Performing Test GGML_MACHINE_SUPPORTS_dotprod - Success
-- Performing Test GGML_MACHINE_SUPPORTS_i8mm
-- Performing Test GGML_MACHINE_SUPPORTS_i8mm - Success
-- Performing Test GGML_MACHINE_SUPPORTS_sve
-- Performing Test GGML_MACHINE_SUPPORTS_sve - Failed
-- Performing Test GGML_MACHINE_SUPPORTS_nosve
-- Performing Test GGML_MACHINE_SUPPORTS_nosve - Success
-- Performing Test GGML_MACHINE_SUPPORTS_sme
-- Performing Test GGML_MACHINE_SUPPORTS_sme - Success
-- Checking for ARM features using flags:
--   -U__ARM_FEATURE_SVE
--   -mcpu=native+dotprod+i8mm+nosve+sme
-- Performing Test HAVE_DOTPROD
-- Performing Test HAVE_DOTPROD - Success
-- Performing Test HAVE_SVE
-- Performing Test HAVE_SVE - Failed
-- Performing Test HAVE_MATMUL_INT8
-- Performing Test HAVE_MATMUL_INT8 - Success
-- Performing Test HAVE_FMA
-- Performing Test HAVE_FMA - Success
-- Performing Test HAVE_FP16_VECTOR_ARITHMETIC
-- Performing Test HAVE_FP16_VECTOR_ARITHMETIC - Success
-- Performing Test HAVE_SME
-- Performing Test HAVE_SME - Success
-- Adding CPU backend variant ggml-cpu: -U__ARM_FEATURE_SVE;-mcpu=native+dotprod+i8mm+nosve+sme 
-- Looking for dgemm_
-- Looking for dgemm_ - found
-- Found BLAS: /Applications/Xcode.app/Contents/Developer/Platforms/MacOSX.platform/Developer/SDKs/MacOSX.sdk/System/Library/Frameworks/Accelerate.framework
-- BLAS found, Libraries: /Applications/Xcode.app/Contents/Developer/Platforms/MacOSX.platform/Developer/SDKs/MacOSX.sdk/System/Library/Frameworks/Accelerate.framework
-- BLAS found, Includes: 
-- Including BLAS backend
-- Metal framework found
-- Including METAL backend
-- ggml: lib output prefix 'qvac-speech-'
-- ARM detected
-- Accelerate framework found
-- ggml version: 0.20.2
-- ggml commit:  41453113-dirty
-- Configuring done (3.5s)
-- Generating done (0.1s)
-- Build files have been written to: /Users/mexxik/projects/v/ggml-wt-25762/build-hybrid
[  2%] Building CXX object src/ggml-vector-index/CMakeFiles/ggml-vector-index.dir/__/ggml-vector-index.cpp.o
[  2%] Building CXX object src/ggml-vector-index/CMakeFiles/ggml-vector-index.dir/__/ggml-vector-index-persistence.cpp.o
[  3%] Building CXX object tests/CMakeFiles/test-shader-payload-strip.dir/test-shader-payload-strip.cpp.o
[  6%] Building CXX object src/ggml-vector-index/CMakeFiles/ggml-vector-index.dir/__/ggml-vector-index-turbovec.cpp.o
[  6%] Building CXX object src/ggml-vector-index/CMakeFiles/ggml-vector-index-test.dir/__/ggml-vector-index.cpp.o
[  7%] Building CXX object src/ggml-vector-index/CMakeFiles/ggml-vector-index.dir/__/ggml-vector-index-search.cpp.o
[  9%] Building CXX object src/ggml-vector-index/CMakeFiles/ggml-vector-index-test.dir/__/ggml-vector-index-turbovec.cpp.o
[  9%] Building CXX object examples/CMakeFiles/common.dir/common.cpp.o
[ 10%] Building CXX object src/ggml-vector-index/CMakeFiles/ggml-vector-index-test.dir/__/ggml-vector-index-search.cpp.o
[ 13%] Building CXX object tests/CMakeFiles/test-adreno-version.dir/test-adreno-version.cpp.o
[ 13%] Building C object src/CMakeFiles/ggml-base.dir/ggml.c.o
[ 14%] Building CXX object src/ggml-vector-index/CMakeFiles/ggml-vector-index-test.dir/__/ggml-vector-index-persistence.cpp.o
[ 15%] Linking CXX executable ../bin/test-shader-payload-strip
[ 15%] Built target test-shader-payload-strip
[ 16%] Building CXX object src/CMakeFiles/ggml-base.dir/ggml.cpp.o
[ 18%] Building C object src/CMakeFiles/ggml-base.dir/ggml-alloc.c.o
[ 19%] Building CXX object src/CMakeFiles/ggml-base.dir/ggml-backend.cpp.o
[ 20%] Building CXX object src/CMakeFiles/ggml-base.dir/ggml-backend-meta.cpp.o
[ 21%] Building CXX object src/CMakeFiles/ggml-base.dir/ggml-opt.cpp.o
[ 22%] Building CXX object src/CMakeFiles/ggml-base.dir/ggml-threading.cpp.o
[ 24%] Building C object src/CMakeFiles/ggml-base.dir/ggml-tbq-quants.c.o
[ 25%] Linking CXX executable ../bin/test-adreno-version
[ 25%] Built target test-adreno-version
[ 26%] Building C object src/CMakeFiles/ggml-base.dir/ggml-quants.c.o
[ 27%] Building CXX object src/CMakeFiles/ggml-base.dir/uint8-buff-stream.cpp.o
[ 28%] Building CXX object src/CMakeFiles/ggml-base.dir/gguf.cpp.o
[ 30%] Linking CXX static library libggml-vector-index-test.a
[ 30%] Built target ggml-vector-index-test
[ 31%] Linking CXX shared library libqvac-speech-ggml-vector-index.dylib
[ 32%] Building CXX object tests/CMakeFiles/test-vector-index-hooks.dir/test-vector-index.cpp.o
[ 33%] Building CXX object tests/CMakeFiles/test-vector-index-faults.dir/test-vector-index-faults.cpp.o
[ 33%] Built target ggml-vector-index
[ 34%] Building CXX object tests/CMakeFiles/test-vector-index.dir/test-vector-index.cpp.o
[ 36%] Linking CXX static library libcommon.a
[ 36%] Built target common
[ 37%] Linking CXX executable ../bin/test-vector-index-faults
[ 37%] Built target test-vector-index-faults
[ 38%] Linking CXX shared library libqvac-speech-ggml-base.dylib
[ 38%] Built target ggml-base
[ 39%] Generate assembly for embedded Metal library
Embedding Metal library
[ 40%] Building CXX object src/ggml-blas/CMakeFiles/ggml-blas.dir/ggml-blas.cpp.o
[ 42%] Building CXX object src/CMakeFiles/ggml-cpu.dir/ggml-cpu/hbm.cpp.o
[ 43%] Building C object src/CMakeFiles/ggml-cpu.dir/ggml-cpu/ggml-cpu.c.o
[ 46%] Building CXX object src/CMakeFiles/ggml-cpu.dir/ggml-cpu/repack.cpp.o
[ 48%] Building CXX object src/CMakeFiles/ggml-cpu.dir/ggml-cpu/ggml-cpu.cpp.o
[ 46%] Building C object src/CMakeFiles/ggml-cpu.dir/ggml-cpu/tbq-quants.c.o
[ 48%] Building C object src/CMakeFiles/ggml-cpu.dir/ggml-cpu/quants.c.o
[ 49%] Building CXX object src/CMakeFiles/ggml-cpu.dir/ggml-cpu/traits.cpp.o
[ 50%] Building CXX object src/CMakeFiles/ggml-cpu.dir/ggml-cpu/amx/amx.cpp.o
[ 51%] Building CXX object src/CMakeFiles/ggml-cpu.dir/ggml-cpu/amx/mmq.cpp.o
[ 53%] Building CXX object src/ggml-metal/CMakeFiles/ggml-metal.dir/ggml-metal.cpp.o
[ 54%] Building C object src/ggml-metal/CMakeFiles/ggml-metal.dir/ggml-metal-device.m.o
[ 55%] Building CXX object src/ggml-metal/CMakeFiles/ggml-metal.dir/ggml-metal-device.cpp.o
[ 56%] Building CXX object src/CMakeFiles/ggml-cpu.dir/ggml-cpu/binary-ops.cpp.o
[ 57%] Building CXX object src/CMakeFiles/ggml-cpu.dir/ggml-cpu/unary-ops.cpp.o
[ 59%] Building CXX object src/ggml-metal/CMakeFiles/ggml-metal.dir/ggml-metal-common.cpp.o
[ 60%] Building CXX object src/CMakeFiles/ggml-cpu.dir/ggml-cpu/vec.cpp.o
[ 61%] Building C object src/ggml-metal/CMakeFiles/ggml-metal.dir/ggml-metal-context.m.o
[ 62%] Building CXX object src/ggml-metal/CMakeFiles/ggml-metal.dir/ggml-metal-ops.cpp.o
[ 63%] Building CXX object src/CMakeFiles/ggml-cpu.dir/ggml-cpu/ops.cpp.o
[ 65%] Building ASM object src/ggml-metal/CMakeFiles/ggml-metal.dir/autogenerated/ggml-metal-embed.s.o
[ 66%] Building C object src/CMakeFiles/ggml-cpu.dir/ggml-cpu/arch/arm/quants.c.o
[ 67%] Building CXX object src/CMakeFiles/ggml-cpu.dir/ggml-cpu/arch/arm/repack.cpp.o
[ 68%] Linking CXX shared module ../../bin/libqvac-speech-ggml-blas.so
[ 68%] Built target ggml-blas
[ 69%] Linking CXX shared module ../../bin/libqvac-speech-ggml-metal.so
[ 69%] Built target ggml-metal
[ 71%] Linking CXX executable ../bin/test-vector-index
[ 71%] Built target test-vector-index
[ 72%] Linking CXX executable ../bin/test-vector-index-hooks
[ 72%] Built target test-vector-index-hooks
[ 73%] Linking CXX shared library libqvac-speech-ggml-cpu.dylib
[ 73%] Built target ggml-cpu
[ 74%] Building CXX object src/CMakeFiles/ggml.dir/ggml-backend-dl.cpp.o
[ 75%] Building CXX object src/CMakeFiles/ggml.dir/ggml-backend-reg.cpp.o
[ 77%] Linking CXX shared library libqvac-speech-ggml.dylib
[ 77%] Built target ggml
[ 79%] Building CXX object tests/CMakeFiles/test-backend-buft-queries.dir/test-backend-buft-queries.cpp.o
[ 79%] Building CXX object tests/CMakeFiles/test-cpu-graph-plan.dir/test-cpu-graph-plan.cpp.o
[ 80%] Building CXX object tests/CMakeFiles/test-opencl-fa-chunking.dir/test-opencl-fa-chunking.cpp.o
[ 81%] Building CXX object examples/yolo/CMakeFiles/yolov3-tiny.dir/yolov3-tiny.cpp.o
[ 83%] Building CXX object examples/CMakeFiles/common-ggml.dir/common-ggml.cpp.o
[ 84%] Building CXX object tests/CMakeFiles/test-conv-transpose-1d-scaling.dir/test-conv-transpose-1d-scaling.cpp.o
[ 86%] Building CXX object tests/CMakeFiles/test-unified-memory-props.dir/test-unified-memory-props.cpp.o
[ 86%] Building CXX object examples/yolo/CMakeFiles/yolov3-tiny.dir/yolo-image.cpp.o
[ 87%] Building CXX object tests/CMakeFiles/test-backend-ops.dir/test-backend-ops.cpp.o
[ 89%] Building CXX object examples/perf-metal/CMakeFiles/perf-metal.dir/perf-metal.cpp.o
[ 90%] Linking CXX executable ../bin/test-cpu-graph-plan
[ 91%] Linking CXX executable ../bin/test-unified-memory-props
[ 92%] Linking CXX executable ../bin/test-backend-buft-queries
In file included from /Users/mexxik/projects/v/ggml-wt-25762/examples/yolo/yolo-image.cpp:4:
/Users/mexxik/projects/v/ggml-wt-25762/examples/stb_image_write.h:776:13: warning: 'sprintf' is deprecated: This function is provided for compatibility reasons only.  Due to security concerns inherent in the design of sprintf(3), it is highly recommended that you use snprintf(3) instead. [-Wdeprecated-declarations]
  776 |       len = sprintf(buffer, "EXPOSURE=          1.0000000000000\n\n-Y %d +X %d\n", y, x);
      |             ^
/Applications/Xcode.app/Contents/Developer/Platforms/MacOSX.platform/Developer/SDKs/MacOSX.sdk/usr/include/_stdio.h:278:1: note: 'sprintf' has been explicitly marked deprecated here
  278 | __deprecated_msg("This function is provided for compatibility reasons only.  Due to security concerns inherent in the design of sprintf(3), it is highly recommended that you use snprintf(3) instead.")
      | ^
/Applications/Xcode.app/Contents/Developer/Platforms/MacOSX.platform/Developer/SDKs/MacOSX.sdk/usr/include/sys/cdefs.h:227:48: note: expanded from macro '__deprecated_msg'
  227 |         #define __deprecated_msg(_msg) __attribute__((__deprecated__(_msg)))
      |                                                       ^
[ 92%] Built target test-cpu-graph-plan
[ 92%] Built target test-unified-memory-props
[ 92%] Built target test-backend-buft-queries
[ 93%] Linking CXX executable ../bin/test-opencl-fa-chunking
[ 95%] Linking CXX executable ../../bin/perf-metal
[ 96%] Linking CXX executable ../bin/test-conv-transpose-1d-scaling
[ 96%] Built target test-opencl-fa-chunking
/Users/mexxik/projects/v/ggml-wt-25762/examples/common-ggml.cpp:183:21: warning: 8 enumeration values not handled in switch: 'GGML_TYPE_TBQ3_0', 'GGML_TYPE_TBQ4_0', 'GGML_TYPE_TBQ3_0_64'... [-Wswitch]
  183 |             switch ((ggml_type) ttype) {
      |                     ^~~~~~~~~~~~~~~~~
/Users/mexxik/projects/v/ggml-wt-25762/examples/common-ggml.cpp:183:21: note: add missing switch cases
  183 |             switch ((ggml_type) ttype) {
      |                     ^
Undefined symbols for architecture arm64:
  "_ggml_backend_metal_capture_next_compute", referenced from:
      _main in perf-metal.cpp.o
      _main in perf-metal.cpp.o
      _main in perf-metal.cpp.o
  "_ggml_backend_metal_init", referenced from:
      _main in perf-metal.cpp.o
ld: symbol(s) not found for architecture arm64
clang++: error: linker command failed with exit code 1 (use -v to see invocation)
make[2]: *** [bin/perf-metal] Error 1
make[1]: *** [examples/perf-metal/CMakeFiles/perf-metal.dir/all] Error 2
make[1]: *** Waiting for unfinished jobs....
[ 96%] Built target test-conv-transpose-1d-scaling
1 warning generated.
[ 97%] Linking CXX static library libcommon-ggml.a
[ 97%] Built target common-ggml
1 warning generated.
[ 98%] Linking CXX executable ../../bin/yolov3-tiny
[ 98%] Built target yolov3-tiny
[100%] Linking CXX executable ../bin/test-backend-ops
[100%] Built target test-backend-ops
make: *** [all] Error 2
